[EMPTY]
